#-----------------------------------------------------------
# Vivado v2015.4 (64-bit)
# SW Build 1412921 on Wed Nov 18 09:43:45 MST 2015
# IP Build 1412160 on Tue Nov 17 13:47:24 MST 2015
# Start of session at: Wed Mar 02 19:54:00 2016
# Process ID: 7724
# Current directory: C:/Users/aswan_000/Desktop/ee214/project 4/4.2 challenge yourself
# Command line: vivado.exe -gui_launcher_event rodinguilauncherevent11336 C:\Users\aswan_000\Desktop\ee214\project 4\4.2 challenge yourself\4.2.xpr
# Log file: C:/Users/aswan_000/Desktop/ee214/project 4/4.2 challenge yourself/vivado.log
# Journal file: C:/Users/aswan_000/Desktop/ee214/project 4/4.2 challenge yourself\vivado.jou
#-----------------------------------------------------------
start_gui
open_project {C:/Users/aswan_000/Desktop/ee214/project 4/4.2 challenge yourself/4.2.xpr}
reset_run impl_1 -prev_step 
launch_runs impl_1 -to_step write_bitstream
wait_on_run impl_1
create_run synth_2 -flow {Vivado Synthesis 2015} -strategy {Vivado Synthesis Defaults}
current_run [get_runs synth_2]
set_property STEPS.SYNTH_DESIGN.TCL.PRE {C:\Users\aswan_000\Desktop\ee214\project 4\a.tcl} [get_runs synth_2]
launch_runs impl_2 -to_step write_bitstream
wait_on_run impl_2
set_property STEPS.SYNTH_DESIGN.TCL.PRE {} [get_runs synth_2]
reset_run synth_2
launch_runs impl_2 -to_step write_bitstream
wait_on_run impl_2
create_run synth_3 -flow {Vivado Synthesis 2015} -strategy {Vivado Synthesis Defaults}
current_run [get_runs synth_3]
set_property STEPS.SYNTH_DESIGN.TCL.PRE {C:\Users\aswan_000\Desktop\ee214\project 4\a.tcl} [get_runs synth_3]
launch_runs impl_3 -to_step write_bitstream
wait_on_run impl_3
reset_run synth_3
launch_runs impl_3 -to_step write_bitstream
wait_on_run impl_3
reset_run synth_3
launch_runs impl_3 -to_step write_bitstream
wait_on_run impl_3
reset_run synth_3
launch_runs impl_3 -to_step write_bitstream
wait_on_run impl_3
reset_run impl_3 -prev_step 
launch_runs impl_3 -to_step write_bitstream
wait_on_run impl_3
create_run synth_4 -flow {Vivado Synthesis 2015} -strategy {Vivado Synthesis Defaults}
set_property STEPS.SYNTH_DESIGN.TCL.PRE {C:/Users/aswan_000/Desktop/ee214/project 4/a.tcl} [get_runs synth_4]
current_run [get_runs synth_4]
set_property STEPS.SYNTH_DESIGN.TCL.PRE {} [get_runs synth_4]
set_property STEPS.SYNTH_DESIGN.TCL.PRE {C:\Users\aswan_000\Desktop\ee214\project 4\a.tcl} [get_runs synth_4]
launch_runs impl_4 -to_step write_bitstream
wait_on_run impl_4
