#-----------------------------------------------------------
# Vivado v2015.2 (64-bit)
# SW Build 1266856 on Fri Jun 26 16:35:25 MDT 2015
# IP Build 1264090 on Wed Jun 24 14:22:01 MDT 2015
# Start of session at: Thu Feb 11 18:05:18 2016
# Process ID: 6460
# Log file: C:/Users/Jeffery Fonda/Dropbox/Classes/EE Classes/EE214 Projects/Projects/project_3.1/vivado.log
# Journal file: C:/Users/Jeffery Fonda/Dropbox/Classes/EE Classes/EE214 Projects/Projects/project_3.1\vivado.jou
#-----------------------------------------------------------
start_gui
open_project {C:/Users/Jeffery Fonda/Dropbox/Classes/EE Classes/EE214 Projects/Projects/project_3.1/project_3.1.xpr}
set_property SOURCE_SET sources_1 [get_filesets sim_1]
close [ open {C:/Users/Jeffery Fonda/Dropbox/Classes/EE Classes/EE214 Projects/Projects/project_3.1/project_3.1.srcs/sim_1/new/simulation.v} w ]
add_files -fileset sim_1 {{C:/Users/Jeffery Fonda/Dropbox/Classes/EE Classes/EE214 Projects/Projects/project_3.1/project_3.1.srcs/sim_1/new/simulation.v}}
update_compile_order -fileset sim_1
