#-----------------------------------------------------------
# Vivado v2014.4 (64-bit)
# SW Build 1071353 on Tue Nov 18 18:29:27 MST 2014
# IP Build 1070531 on Tue Nov 18 01:10:18 MST 2014
# Start of session at: Fri Apr 17 12:09:01 2015
# Process ID: 9464
# Log file: C:/Users/Clay/Desktop/proj6all/projdivider/vivado.log
# Journal file: C:/Users/Clay/Desktop/proj6all/projdivider\vivado.jou
#-----------------------------------------------------------
start_gui
open_project C:/Users/Clay/Desktop/proj6all/projdivider/projdivider.xpr
remove_files C:/Users/Clay/Desktop/proj6all/projdivider/projdivider.srcs/sources_1/new/adder.v
file delete -force C:/Users/Clay/Desktop/proj6all/projdivider/projdivider.srcs/sources_1/new/adder.v
remove_files C:/Users/Clay/Desktop/proj6all/projdivider/projdivider.srcs/sources_1/new/cmp.v
file delete -force C:/Users/Clay/Desktop/proj6all/projdivider/projdivider.srcs/sources_1/new/cmp.v
remove_files C:/Users/Clay/Desktop/proj6all/projdivider/projdivider.srcs/sources_1/new/clktop.v
file delete -force C:/Users/Clay/Desktop/proj6all/projdivider/projdivider.srcs/sources_1/new/clktop.v
update_compile_order -fileset sources_1
update_compile_order -fileset sources_1
close [ open C:/Users/Clay/Desktop/proj6all/projdivider/projdivider.srcs/sources_1/new/sum.v w ]
add_files C:/Users/Clay/Desktop/proj6all/projdivider/projdivider.srcs/sources_1/new/sum.v
close [ open C:/Users/Clay/Desktop/proj6all/projdivider/projdivider.srcs/sources_1/new/clk_wait.v w ]
add_files C:/Users/Clay/Desktop/proj6all/projdivider/projdivider.srcs/sources_1/new/clk_wait.v
update_compile_order -fileset sources_1
remove_files C:/Users/Clay/Desktop/proj6all/projdivider/projdivider.srcs/sources_1/new/clk_wait.v
file delete -force C:/Users/Clay/Desktop/proj6all/projdivider/projdivider.srcs/sources_1/new/clk_wait.v
close [ open C:/Users/Clay/Desktop/proj6all/projdivider/projdivider.srcs/sources_1/new/clk_wait.v w ]
add_files C:/Users/Clay/Desktop/proj6all/projdivider/projdivider.srcs/sources_1/new/clk_wait.v
update_compile_order -fileset sources_1
update_compile_order -fileset sources_1
update_compile_order -fileset sources_1
update_compile_order -fileset sources_1
update_compile_order -fileset sources_1
update_compile_order -fileset sources_1
update_compile_order -fileset sources_1
launch_runs synth_1
wait_on_run synth_1
reset_run synth_1
launch_runs synth_1
wait_on_run synth_1
launch_runs impl_1
wait_on_run impl_1
add_files -fileset constrs_1 -norecurse C:/Users/Clay/Downloads/Nexys4_Master_xdc/Nexys4_Master.xdc
import_files -fileset constrs_1 C:/Users/Clay/Downloads/Nexys4_Master_xdc/Nexys4_Master.xdc
reset_run synth_1
launch_runs synth_1
wait_on_run synth_1
reset_run synth_1
launch_runs impl_1
wait_on_run impl_1
reset_run synth_1
launch_runs impl_1 -to_step write_bitstream
wait_on_run impl_1
open_hw
connect_hw_server -url localhost:3121
current_hw_target [get_hw_targets */xilinx_tcf/Digilent/210274592486A]
set_property PARAM.FREQUENCY 15000000 [get_hw_targets */xilinx_tcf/Digilent/210274592486A]
open_hw_target
set_property PROGRAM.FILE {C:/Users/Clay/Desktop/proj6all/projdivider/projdivider.runs/impl_1/top.bit} [lindex [get_hw_devices] 0]
set_property PROBES.FILE {C:/Users/Clay/Desktop/proj6all/projdivider/projdivider.runs/impl_1/debug_nets.ltx} [lindex [get_hw_devices] 0]
current_hw_device [lindex [get_hw_devices] 0]
refresh_hw_device -update_hw_probes false [lindex [get_hw_devices] 0]
set_property PROBES.FILE {C:/Users/Clay/Desktop/proj6all/projdivider/projdivider.runs/impl_1/debug_nets.ltx} [lindex [get_hw_devices] 0]
set_property PROGRAM.FILE {C:/Users/Clay/Desktop/proj6all/projdivider/projdivider.runs/impl_1/top.bit} [lindex [get_hw_devices] 0]
program_hw_devices [lindex [get_hw_devices] 0]
refresh_hw_device [lindex [get_hw_devices] 0]
set_property PROBES.FILE {C:/Users/Clay/Desktop/proj6all/projdivider/projdivider.runs/impl_1/debug_nets.ltx} [lindex [get_hw_devices] 0]
set_property PROGRAM.FILE {C:/Users/Clay/Desktop/proj6all/projdivider/projdivider.runs/impl_1/top.bit} [lindex [get_hw_devices] 0]
program_hw_devices [lindex [get_hw_devices] 0]
refresh_hw_device [lindex [get_hw_devices] 0]
