#-----------------------------------------------------------
# Vivado v2015.2 (64-bit)
# SW Build 1266856 on Fri Jun 26 16:35:25 MDT 2015
# IP Build 1264090 on Wed Jun 24 14:22:01 MDT 2015
# Start of session at: Thu Oct 08 18:19:30 2015
# Process ID: 6388
# Log file: C:/Users/Jeffery Fonda/Dropbox/Classes/EE Classes/EE214 Projects/project_4.1.2/vivado.log
# Journal file: C:/Users/Jeffery Fonda/Dropbox/Classes/EE Classes/EE214 Projects/project_4.1.2\vivado.jou
#-----------------------------------------------------------
start_gui
open_project {C:/Users/Jeffery Fonda/Dropbox/Classes/EE Classes/EE214 Projects/project_4.1.2/project_4.2.xpr}
file mkdir C:/Users/Jeffery Fonda/Dropbox/Classes/EE Classes/EE214 Projects/project_4.1.2/project_4.2.srcs/sim_1/new
file mkdir C:/Users/Jeffery Fonda/Dropbox/Classes/EE Classes/EE214 Projects/project_4.1.2/project_4.2.srcs/sim_1/new
file mkdir C:/Users/Jeffery Fonda/Dropbox/Classes/EE Classes/EE214 Projects/project_4.1.2/project_4.2.srcs/sim_1/new
file mkdir C:/Users/Jeffery Fonda/Dropbox/Classes/EE Classes/EE214 Projects/project_4.1.2/project_4.2.srcs/sim_1/new
file mkdir C:/Users/Jeffery Fonda/Dropbox/Classes/EE Classes/EE214 Projects/project_4.1.2/project_4.2.srcs/sim_1/new
set_property SOURCE_SET sources_1 [get_filesets sim_1]
file mkdir C:/Users/Jeffery Fonda/Dropbox/Classes/EE Classes/EE214 Projects/project_4.1.2/project_4.2.srcs/sim_1/new
file mkdir {C:/Users/Jeffery Fonda/Dropbox/Classes/EE Classes/EE214 Projects/project_4.1.2/project_4.2.srcs/sim_1/new}
close [ open {C:/Users/Jeffery Fonda/Dropbox/Classes/EE Classes/EE214 Projects/project_4.1.2/project_4.2.srcs/sim_1/new/decoder.v} w ]
add_files -fileset sim_1 {{C:/Users/Jeffery Fonda/Dropbox/Classes/EE Classes/EE214 Projects/project_4.1.2/project_4.2.srcs/sim_1/new/decoder.v}}
update_compile_order -fileset sim_1
launch_simulation
source source.tcl
update_compile_order -fileset sim_1
update_compile_order -fileset sim_1
close_sim
launch_simulation
source shifter.tcl
close_sim
update_compile_order -fileset sim_1
launch_simulation
source decoder.tcl
close_sim
