Copyright 1986-2014 Xilinx, Inc. All Rights Reserved.
----------------------------------------------------------------------------------------
| Tool Version : Vivado v.2014.4 (win64) Build 1071353 Tue Nov 18 18:29:27 MST 2014
| Date         : Fri Mar 27 14:18:45 2015
| Host         : Owner running 64-bit major release  (build 9200)
| Command      : report_control_sets -verbose -file clk_divider_control_sets_placed.rpt
| Design       : clk_divider
| Device       : xc7a100t
----------------------------------------------------------------------------------------

Control Set Information

Table of Contents
-----------------
1. Summary
2. Flip-Flop Distribution
3. Detailed Control Set Information

1. Summary
----------

+-------------------------------------------------------------------+-------+
|                               Status                              | Count |
+-------------------------------------------------------------------+-------+
| Number of unique control sets                                     |    27 |
| Minimum Number of register sites lost to control set restrictions |   189 |
+-------------------------------------------------------------------+-------+


2. Flip-Flop Distribution
-------------------------

+--------------+-----------------------+------------------------+-----------------+--------------+
| Clock Enable | Synchronous Set/Reset | Asynchronous Set/Reset | Total Registers | Total Slices |
+--------------+-----------------------+------------------------+-----------------+--------------+
| No           | No                    | No                     |               0 |            0 |
| No           | No                    | Yes                    |              27 |           27 |
| No           | Yes                   | No                     |               0 |            0 |
| Yes          | No                    | No                     |               0 |            0 |
| Yes          | No                    | Yes                    |               0 |            0 |
| Yes          | Yes                   | No                     |               0 |            0 |
+--------------+-----------------------+------------------------+-----------------+--------------+


3. Detailed Control Set Information
-----------------------------------

+--------------------------------------+---------------+------------------+------------------+----------------+
|             Clock Signal             | Enable Signal | Set/Reset Signal | Slice Load Count | Bel Load Count |
+--------------------------------------+---------------+------------------+------------------+----------------+
|  dff_gen_label[24].dff_inst/p_2_out  |               | rst_IBUF         |                1 |              1 |
|  dff_gen_label[23].dff_inst/p_3_out  |               | rst_IBUF         |                1 |              1 |
|  dff_gen_label[16].dff_inst/p_10_out |               | rst_IBUF         |                1 |              1 |
|  dff_gen_label[15].dff_inst/p_11_out |               | rst_IBUF         |                1 |              1 |
|  dff_gen_label[10].dff_inst/p_16_out |               | rst_IBUF         |                1 |              1 |
|  dff_gen_label[12].dff_inst/p_14_out |               | rst_IBUF         |                1 |              1 |
|  dff_gen_label[11].dff_inst/p_15_out |               | rst_IBUF         |                1 |              1 |
|  dff_gen_label[13].dff_inst/p_13_out |               | rst_IBUF         |                1 |              1 |
|  dff_gen_label[14].dff_inst/p_12_out |               | rst_IBUF         |                1 |              1 |
|  clk_IBUF_BUFG                       |               | rst_IBUF         |                1 |              1 |
|  dff_gen_label[4].dff_inst/p_22_out  |               | rst_IBUF         |                1 |              1 |
|  dff_gen_label[7].dff_inst/p_19_out  |               | rst_IBUF         |                1 |              1 |
|  dff_gen_label[8].dff_inst/p_18_out  |               | rst_IBUF         |                1 |              1 |
|  dff_gen_label[9].dff_inst/p_17_out  |               | rst_IBUF         |                1 |              1 |
|  dff_gen_label[25].dff_inst/p_1_out  |               | rst_IBUF         |                1 |              1 |
|  dff_inst0/p_26_in                   |               | rst_IBUF         |                1 |              1 |
|  dff_gen_label[5].dff_inst/p_21_out  |               | rst_IBUF         |                1 |              1 |
|  dff_gen_label[6].dff_inst/p_20_out  |               | rst_IBUF         |                1 |              1 |
|  dff_gen_label[3].dff_inst/p_23_out  |               | rst_IBUF         |                1 |              1 |
|  dff_gen_label[2].dff_inst/p_24_out  |               | rst_IBUF         |                1 |              1 |
|  dff_gen_label[17].dff_inst/p_9_out  |               | rst_IBUF         |                1 |              1 |
|  dff_gen_label[21].dff_inst/p_5_out  |               | rst_IBUF         |                1 |              1 |
|  dff_gen_label[22].dff_inst/p_4_out  |               | rst_IBUF         |                1 |              1 |
|  dff_gen_label[18].dff_inst/p_8_out  |               | rst_IBUF         |                1 |              1 |
|  dff_gen_label[20].dff_inst/p_6_out  |               | rst_IBUF         |                1 |              1 |
|  dff_gen_label[19].dff_inst/p_7_out  |               | rst_IBUF         |                1 |              1 |
|  dff_gen_label[1].dff_inst/p_25_out  |               | rst_IBUF         |                1 |              1 |
+--------------------------------------+---------------+------------------+------------------+----------------+


