#-----------------------------------------------------------
# Vivado v2014.4 (64-bit)
# SW Build 1071353 on Tue Nov 18 18:29:27 MST 2014
# IP Build 1070531 on Tue Nov 18 01:10:18 MST 2014
# Start of session at: Fri Mar 27 04:40:38 2015
# Process ID: 5852
# Log file: C:/Users/Clay/Desktop/dff/vivado.log
# Journal file: C:/Users/Clay/Desktop/dff\vivado.jou
#-----------------------------------------------------------
start_gui
open_project C:/Users/Clay/Desktop/dff/dff.xpr
launch_simulation
source tb.tcl
reset_run synth_1
launch_runs impl_1 -to_step write_bitstream
wait_on_run impl_1
reset_run impl_1 -prev_step 
launch_runs impl_1 -to_step write_bitstream
wait_on_run impl_1
reset_run impl_1 -prev_step 
reset_run synth_1
launch_runs impl_1 -to_step write_bitstream
wait_on_run impl_1
reset_run synth_1 -noclean_dir 
reset_run synth_1
launch_runs impl_1 -to_step write_bitstream
wait_on_run impl_1
reset_run synth_1
launch_runs impl_1 -to_step write_bitstream
wait_on_run impl_1
reset_run synth_1
launch_runs synth_1
wait_on_run synth_1
reset_run synth_1
launch_runs impl_1 -to_step write_bitstream
wait_on_run impl_1
reset_run synth_1
reset_run synth_1
launch_runs impl_1 -to_step write_bitstream
wait_on_run impl_1
reset_run impl_1 -noclean_dir 
reset_run synth_1
launch_runs impl_1 -to_step write_bitstream
wait_on_run impl_1
open_hw
connect_hw_server -url localhost:3121
current_hw_target [get_hw_targets */xilinx_tcf/Digilent/210274592486A]
set_property PARAM.FREQUENCY 15000000 [get_hw_targets */xilinx_tcf/Digilent/210274592486A]
open_hw_target
set_property PROGRAM.FILE {C:/Users/Clay/Desktop/dff/dff.runs/impl_1/clk_divider.bit} [lindex [get_hw_devices] 0]
set_property PROBES.FILE {C:/Users/Clay/Desktop/dff/dff.runs/impl_1/debug_nets.ltx} [lindex [get_hw_devices] 0]
current_hw_device [lindex [get_hw_devices] 0]
refresh_hw_device -update_hw_probes false [lindex [get_hw_devices] 0]
set_property PROBES.FILE {C:/Users/Clay/Desktop/dff/dff.runs/impl_1/debug_nets.ltx} [lindex [get_hw_devices] 0]
set_property PROGRAM.FILE {C:/Users/Clay/Desktop/dff/dff.runs/impl_1/clk_divider.bit} [lindex [get_hw_devices] 0]
program_hw_devices [lindex [get_hw_devices] 0]
refresh_hw_device [lindex [get_hw_devices] 0]
reset_run synth_1
launch_runs impl_1 -to_step write_bitstream
wait_on_run impl_1
reset_run synth_1
launch_runs impl_1 -to_step write_bitstream
wait_on_run impl_1
reset_run synth_1
launch_runs impl_1 -to_step write_bitstream
wait_on_run impl_1
reset_run synth_1
launch_runs impl_1 -to_step write_bitstream
wait_on_run impl_1
reset_run synth_1
launch_runs impl_1 -to_step write_bitstream
wait_on_run impl_1
reset_run synth_1
launch_runs impl_1 -to_step write_bitstream
wait_on_run impl_1
reset_run synth_1
launch_runs synth_1
wait_on_run synth_1
reset_run synth_1
launch_runs impl_1 -to_step write_bitstream
wait_on_run impl_1
reset_run synth_1
launch_runs impl_1 -to_step write_bitstream
wait_on_run impl_1
update_compile_order -fileset sources_1
update_compile_order -fileset sources_1
update_compile_order -fileset sources_1
update_compile_order -fileset sources_1
reset_run synth_1
launch_runs impl_1 -to_step write_bitstream
wait_on_run impl_1
set_property PROBES.FILE {C:/Users/Clay/Desktop/dff/dff.runs/impl_1/debug_nets.ltx} [lindex [get_hw_devices] 0]
set_property PROGRAM.FILE {C:/Users/Clay/Desktop/dff/dff.runs/impl_1/clk_divider.bit} [lindex [get_hw_devices] 0]
program_hw_devices [lindex [get_hw_devices] 0]
refresh_hw_device [lindex [get_hw_devices] 0]
close_sim
